[2026-01-02 12:23:53] Icono no encontrado en: C:\Users\victor.lay\AppData\Local\Temp\_MEI333162\KA_icon.ico
[2026-01-02 12:23:53] Aplicación iniciada
[2026-01-02 12:24:01] Iniciando: 1 min, modo: Notepad
[2026-01-02 12:24:01] Modo Notepad: abriendo Bloc de notas
[2026-01-02 12:24:17] Detener pulsado
[2026-01-02 12:24:17] Notepad terminado
[2026-01-02 12:24:17] Stop recibido en modo Notepad
[2026-01-02 12:24:17] Modo Notepad finalizado
[2026-01-02 12:24:34] Cerrando aplicación
[2026-01-02 12:29:08] Icono cargado: C:\Users\victor.lay\AppData\Local\Temp\_MEI326322\KA_icon.ico
[2026-01-02 12:29:08] Aplicación iniciada
[2026-01-02 12:29:10] Cerrando aplicación
[2026-01-02 13:34:16] Icono cargado: C:\Users\victor.lay\AppData\Local\Temp\_MEI251082\KA_icon.ico
[2026-01-02 13:34:16] Aplicación iniciada
[2026-01-02 13:34:26] Iniciando: 10 min, modo: Notepad
[2026-01-02 13:34:26] Modo Notepad: abriendo Bloc de notas
[2026-01-02 13:44:28] Notepad terminado
[2026-01-02 13:44:28] Modo Notepad finalizado
[2026-01-02 13:44:29] Contador terminado
[2026-01-02 13:45:01] Iniciando: 10 min, modo: Notepad
[2026-01-02 13:45:01] Modo Notepad: abriendo Bloc de notas
[2026-01-02 13:53:57] Detener pulsado
[2026-01-02 13:53:57] Notepad terminado
[2026-01-02 13:53:58] Stop recibido en modo Notepad
[2026-01-02 13:53:58] Modo Notepad finalizado
[2026-01-02 13:53:59] Cerrando aplicación
[2026-01-02 13:54:32] Icono cargado: C:\Users\victor.lay\AppData\Local\Temp\_MEI329882\KA_icon.ico
[2026-01-02 13:54:32] Aplicación iniciada
[2026-01-02 13:54:33] Iniciando: 5 min, modo: Notepad
[2026-01-02 13:54:33] Modo Notepad: abriendo Bloc de notas
[2026-01-02 13:59:35] Contador terminado
[2026-01-02 13:59:36] Notepad terminado
[2026-01-02 13:59:36] Modo Notepad finalizado
[2026-01-02 14:04:42] Iniciando: 15 min, modo: Notepad
[2026-01-02 14:04:42] Modo Notepad: abriendo Bloc de notas
[2026-01-02 14:17:34] Detener pulsado
[2026-01-02 14:17:34] Notepad terminado
[2026-01-02 14:17:34] Stop recibido en modo Notepad
[2026-01-02 14:17:34] Modo Notepad finalizado
[2026-01-02 14:17:35] Cerrando aplicación
